// Jest Snapshot v1, https://goo.gl/fbAQLP

exports[`<HomeScreen /> container should render and match the snapshot 1`] = `
<View
  pointerEvents="box-none"
  style={
    Object {
      "flex": 1,
    }
  }
>
  <View
    collapsable={true}
    pointerEvents="box-none"
    style={
      Object {
        "flex": 1,
      }
    }
  >
    <View
      style={
        Array [
          Object {
            "display": "flex",
            "flexBasis": 0,
            "flexGrow": 1,
            "flexShrink": 1,
          },
        ]
      }
      testID="root-screen"
    >
      <View
        style={
          Object {
            "flex": 1,
          }
        }
      >
        <View
          collapsable={false}
          style={
            Object {
              "backgroundColor": "#eee",
              "flex": 1,
              "flexDirection": "column-reverse",
              "overflow": "hidden",
            }
          }
        >
          <View
            style={
              Object {
                "flex": 1,
              }
            }
          >
            <View
              pointerEvents="auto"
              style={
                Object {
                  "bottom": 0,
                  "left": 0,
                  "opacity": 1,
                  "position": "absolute",
                  "right": 0,
                  "top": 0,
                  "transform": Array [
                    Object {
                      "translateX": 0,
                    },
                    Object {
                      "translateY": 0,
                    },
                  ],
                }
              }
            >
              <View
                accessibilityElementsHidden={false}
                style={
                  Object {
                    "backgroundColor": "#fff",
                    "flex": 1,
                  }
                }
              >
                <View
                  style={
                    Array [
                      Object {
                        "display": "flex",
                        "flexBasis": 0,
                        "flexGrow": 1,
                        "flexShrink": 1,
                      },
                      Object {
                        "alignItems": "center",
                        "backgroundColor": "#fcedda",
                        "display": "flex",
                        "justifyContent": "center",
                      },
                    ]
                  }
                  testID="splash-screen"
                >
                  <Image
                    resizeMode="contain"
                    source={
                      Object {
                        "testUri": "../../../app/assets/images/wednesday-logo.png",
                      }
                    }
                    style={
                      Array [
                        Object {
                          "alignItems": "center",
                          "display": "flex",
                          "justifyContent": "center",
                          "width": 200,
                        },
                      ]
                    }
                  />
                </View>
              </View>
            </View>
          </View>
        </View>
      </View>
    </View>
  </View>
</View>
`;
